------------------------------------------------------------
TimeQuest Timing Analyzer Summary
------------------------------------------------------------

Type  : Slow Model Setup 'clock'
Slack : -2.846
TNS   : -46.422

Type  : Slow Model Setup 'Contador:tempor|DivisorClock:div1|clk'
Slack : 0.246
TNS   : 0.000

Type  : Slow Model Hold 'clock'
Slack : -2.509
TNS   : -2.509

Type  : Slow Model Hold 'Contador:tempor|DivisorClock:div1|clk'
Slack : 0.391
TNS   : 0.000

Type  : Slow Model Minimum Pulse Width 'clock'
Slack : -1.380
TNS   : -33.380

Type  : Slow Model Minimum Pulse Width 'Contador:tempor|DivisorClock:div1|clk'
Slack : -0.500
TNS   : -2.000

Type  : Fast Model Setup 'clock'
Slack : -0.848
TNS   : -9.384

Type  : Fast Model Setup 'Contador:tempor|DivisorClock:div1|clk'
Slack : 0.641
TNS   : 0.000

Type  : Fast Model Hold 'clock'
Slack : -1.554
TNS   : -1.554

Type  : Fast Model Hold 'Contador:tempor|DivisorClock:div1|clk'
Slack : 0.215
TNS   : 0.000

Type  : Fast Model Minimum Pulse Width 'clock'
Slack : -1.380
TNS   : -33.380

Type  : Fast Model Minimum Pulse Width 'Contador:tempor|DivisorClock:div1|clk'
Slack : -0.500
TNS   : -2.000

------------------------------------------------------------
